# decisions
2026-04-30T15:37:16.336Z	chat-distillate	nightly: distilled insight for P6
2026-04-30T17:31:53.545Z	chat-distillate	queue test insight
2026-04-30T17:32:32.367Z	chat-distillate	handler fix check
2026-04-30T17:35:51.828Z	chat-distillate	smoke e2e queued insight
2026-04-30T19:48:09.055Z	chat-distillate	semantic test
2026-04-30T19:54:07.898Z	chat-distillate	branch semantic ingestion
2026-04-30T20:04:36.862Z	chat-distillate	branch semantic ingestion
2026-04-30T20:10:07.285Z	chat-distillate	branch semantic ingestion
2026-04-30T20:10:24.293Z	chat-distillate	branch semantic ingestion
2026-04-30T20:23:39.393Z	chat-distillate	branch semantic ingestion
2026-04-30T20:23:42.373Z	chat-distillate	smoke e2e queued insight
2026-04-30T20:30:24.805Z	chat-distillate	branch semantic ingestion
2026-04-30T20:30:30.127Z	chat-distillate	smoke e2e queued insight
2026-04-30T21:56:16.102Z	chat-distillate	batch-ingest 1-2 / 4
2026-04-30T21:56:16.275Z	chat-distillate	batch-ingest 3-4 / 4
2026-04-30T22:50:17.114Z	chat-distillate	batch-ingest 1-2 / 2
2026-04-30T22:57:32.437Z	chat-distillate	branch semantic ingestion
2026-05-01T00:06:21.926Z	chat-distillate	batch-ingest 1-4 / 4
2026-05-01T00:06:25.246Z	chat-distillate	branch semantic ingestion
2026-05-01T00:06:32.200Z	chat-distillate	smoke e2e queued insight
2026-05-01T10:00:55.846Z	chat-distillate	smoke e2e queued insight
2026-05-01T10:21:44.399Z	chat-distillate	smoke e2e queued insight
