# decisions
2026-04-30T19:54:08.006Z	chat-distillate	branch semantic ingestion
2026-04-30T20:04:36.976Z	chat-distillate	branch semantic ingestion
2026-04-30T20:10:07.400Z	chat-distillate	branch semantic ingestion
2026-04-30T20:10:24.409Z	chat-distillate	branch semantic ingestion
2026-04-30T20:23:39.501Z	chat-distillate	branch semantic ingestion
2026-04-30T20:30:24.920Z	chat-distillate	branch semantic ingestion
2026-05-05T20:18:05.589Z	proposal_rejected	2026-05-02T17-39-56-026Z__b.core-sync	rejected from UI
2026-05-05T20:18:07.622Z	proposal_rejected	2026-05-02T17-44-26-147Z__b.core-sync	rejected from UI
2026-05-05T20:18:09.651Z	proposal_rejected	2026-05-02T18-15-18-034Z__b.core-sync	rejected from UI
2026-05-05T20:18:10.409Z	proposal_rejected	2026-05-02T18-23-06-755Z__b.core-sync	rejected from UI
2026-05-05T20:18:11.069Z	proposal_rejected	2026-05-02T18-28-22-307Z__b.core-sync	rejected from UI
2026-05-05T20:18:11.681Z	proposal_rejected	2026-05-02T23-15-32-369Z__b.core-sync	rejected from UI
2026-05-05T20:18:12.329Z	proposal_rejected	2026-05-02T23-24-30-342Z__b.core-sync	rejected from UI
2026-05-05T20:18:12.932Z	proposal_rejected	2026-05-02T23-33-47-947Z__b.core-sync	rejected from UI
2026-05-05T20:18:13.535Z	proposal_rejected	2026-05-02T23-34-51-114Z__b.core-sync	rejected from UI
2026-05-05T20:18:13.927Z	proposal_rejected	2026-05-03T04-31-44-991Z__b.core-sync	rejected from UI
2026-05-05T20:18:14.641Z	proposal_rejected	2026-05-03T04-32-04-014Z__b.core-sync	rejected from UI
2026-05-05T20:18:22.861Z	proposal_rejected	2026-05-03T04-39-02-018Z__b.core-sync	rejected from UI
2026-05-05T20:18:23.928Z	proposal_rejected	2026-05-03T04-38-10-013Z__b.core-sync	rejected from UI
2026-05-05T20:18:24.917Z	proposal_rejected	2026-05-03T06-08-19-818Z__b.core-sync	rejected from UI
2026-05-05T20:18:25.705Z	proposal_rejected	2026-05-03T12-36-13-788Z__b.core-sync	rejected from UI
2026-05-05T20:18:26.435Z	proposal_rejected	2026-05-03T13-41-46-856Z__b.core-sync	rejected from UI
2026-05-05T20:18:27.009Z	proposal_rejected	2026-05-03T13-48-59-877Z__b.core-sync	rejected from UI
2026-05-05T20:18:27.818Z	proposal_rejected	2026-05-03T13-50-51-518Z__b.core-sync	rejected from UI
2026-05-05T20:18:28.429Z	proposal_rejected	2026-05-03T13-51-50-384Z__b.core-sync	rejected from UI
2026-05-05T20:18:29.616Z	proposal_rejected	2026-05-03T13-51-50-847Z__b.core-sync	rejected from UI
2026-05-05T20:18:30.435Z	proposal_rejected	2026-05-03T14-07-38-783Z__b.core-sync	rejected from UI
2026-05-05T20:18:31.018Z	proposal_rejected	2026-05-03T14-09-16-900Z__b.core-sync	rejected from UI
2026-05-05T20:18:31.719Z	proposal_rejected	2026-05-03T14-09-17-626Z__b.core-sync	rejected from UI
2026-05-05T20:18:32.282Z	proposal_rejected	2026-05-03T14-12-41-336Z__b.core-sync	rejected from UI
2026-05-05T20:18:32.829Z	proposal_rejected	2026-05-03T14-18-52-327Z__b.core-sync	rejected from UI
2026-05-05T20:18:33.379Z	proposal_rejected	2026-05-03T14-18-53-495Z__b.core-sync	rejected from UI
2026-06-09T20:00:00.000Z | stack_mismatch classified as drift not broken | cross-language file is an implementation concern, not a contract-level breakage; missing_capability is broken
2026-06-09T20:00:00.000Z | sync_report.json uses named-section merge strategy | multiple validators need to write separate sections without overwriting each other; read→update→write per section
2026-06-09T20:00:00.000Z | depends_on: b.db retained | filesystem IS b.db's implementation layer; removing dependency would misrepresent the block's actual data access
2026-06-09T20:00:00.000Z | stack mismatch check is unidirectional (file ext vs stack, not stack vs file count) | declaring typescript but having no .ts files is a linter concern, not a sync concern
