# ts\tblock_id\tfrom\tto\tmeta
2026-04-30T12:40:23.670Z	b.core-sync	idea	wip	actor=system	note=init
2026-04-30T12:49:54.250Z	b.agent-orchestrator	idea	wip	actor=system	note=start implementation
2026-04-30T12:50:04.721Z	b.agent-orchestrator	wip	review	actor=system	note=handoff to review
2026-04-30T12:53:19.652Z	b.agent-orchestrator	review	done	actor=system	note=approved after review
2026-04-30T13:24:48.585Z	b.ui-control	wip	review	actor=system	note=ready for review
2026-04-30T13:39:49.117Z	b.core-sync	wip	review	actor=system	note=sync contracts ready
2026-04-30T13:43:58.629Z	b.ui-control	review	done	actor=system	note=ui accepted
2026-06-05T22:11:11.190Z	b.acceptance-verifier-loop	idea	wip	actor=verifier	note=Phase I dogfood: verifier 7/7
2026-06-05T22:11:11.246Z	b.acceptance-verifier-loop	wip	review	actor=verifier	note=Phase I dogfood: verifier 7/7
2026-06-05T22:11:11.303Z	b.acceptance-verifier-loop	review	done	actor=verifier	note=Phase I: verifier 7/7 after A5 path-drift fix (arch_canvas.jsx→atlas_design/panels.jsx)
2026-06-05T22:11:11.359Z	b.docs	wip	review	actor=verifier	note=Phase I dogfood: verifier 3/3
2026-06-05T22:11:11.420Z	b.docs	review	done	actor=verifier	note=Phase I: verifier 3/3 after auto_tz path fix (ТЗ/→atlas/)
2026-06-09T18:06:03.748Z	b.user-docs-generator	idea	wip	actor=operator-audit	note=R-7.98: stale status_reason — introspect selftest green (7 groups), verifier 8/8 pass; walking gates honestly
2026-06-09T18:06:03.797Z	b.user-docs-generator	wip	review	actor=operator-audit	note=R-7.98: stale status_reason — introspect selftest green (7 groups), verifier 8/8 pass; walking gates honestly
2026-06-09T18:06:03.845Z	b.user-docs-generator	review	done	actor=operator-audit	note=R-7.98: stale status_reason — introspect selftest green (7 groups), verifier 8/8 pass; walking gates honestly
2026-06-09T18:06:11.549Z	b.operator-profile-learner	idea	wip	actor=operator-audit	note=R-7.98: A6 profile-compliance badge rebuilt in views.jsx (+API /atlas/operator-profile/hints); verifier 7/0; walking gates honestly
2026-06-09T18:06:11.598Z	b.operator-profile-learner	wip	review	actor=operator-audit	note=R-7.98: A6 profile-compliance badge rebuilt in views.jsx (+API /atlas/operator-profile/hints); verifier 7/0; walking gates honestly
2026-06-09T18:06:11.648Z	b.operator-profile-learner	review	done	actor=operator-audit	note=R-7.98: A6 profile-compliance badge rebuilt in views.jsx (+API /atlas/operator-profile/hints); verifier 7/0; walking gates honestly
2026-06-09T20:10:03.975Z	b.acceptance-verifier-loop	desync	done	actor=operator-audit	note=R-7.99: transient desync (cascade hit mid-agent-edit); re-verified green 7/0
2026-06-19T19:00:12.096Z	b.desktop	idea	wip	actor=operator-R7.99	note=PR1+PR2+PR3 shipped: Electron skeleton + selftest + CI workflow; verifier 7/0 pass
2026-06-19T19:00:12.142Z	b.desktop	wip	review	actor=operator-R7.99	note=PR1+PR2+PR3 shipped: Electron skeleton + selftest + CI workflow; verifier 7/0 pass
2026-06-19T19:00:12.188Z	b.desktop	review	done	actor=operator-R7.99	note=PR1+PR2+PR3 shipped: Electron skeleton + selftest + CI workflow; verifier 7/0 pass
2026-06-21T22:37:06.283Z	b.diff-review	idea	wip	actor=operator-R8.01	note=PR1+PR2 shipped: review_diff.mjs + selftest 7/7 + V-1 gate + nightly; live diff-review caught SQL-inj/ReDoS/ReferenceError
2026-06-21T22:37:06.345Z	b.diff-review	wip	review	actor=operator-R8.01	note=PR1+PR2 shipped: review_diff.mjs + selftest 7/7 + V-1 gate + nightly; live diff-review caught SQL-inj/ReDoS/ReferenceError
2026-06-21T22:37:06.406Z	b.diff-review	review	done	actor=operator-R8.01	note=PR1+PR2 shipped: review_diff.mjs + selftest 7/7 + V-1 gate + nightly; live diff-review caught SQL-inj/ReDoS/ReferenceError
2026-09-13T07:01:49.330Z	b.clarify	idea	wip	actor=operator-R8.06	note=R-8.06: arbiter upstream of the contract; acceptance 7/7, selftest 10/10, validator in nightly
2026-09-13T07:01:49.372Z	b.clarify	wip	review	actor=operator-R8.06	note=R-8.06: arbiter upstream of the contract; acceptance 7/7, selftest 10/10, validator in nightly
2026-09-13T07:01:49.416Z	b.clarify	review	done	actor=operator-R8.06	note=R-8.06: arbiter upstream of the contract; acceptance 7/7, selftest 10/10, validator in nightly gate=pass(7/7)
2026-09-22T15:18:40.073Z	b.user-docs-generator	done	wip	actor=operator	note=R-8.07: понижен с done по rules.md #4 — acceptance зелёная (8/8), но KPI-1 (coverage) измерен и провален: atlas/docs/end-user/ пуста при двух user-facing блоках (b.ui-control front/wip, b.product-dashboard front/idea), покрытие 0/2. Машинерия работает, профильный результат не произведён ни разу.
